// 重构日志: f7f947a8
// 重构日志: bd00818e
// 重构日志: 94a45a22
// 重构日志: 01a37a3e
// 重构日志: 60e4b21a
// 同步 ID: dfed79fd @ Fri Jul 24 12:48:45 UTC 2026
// 重构日志: 61448c43
// 同步 ID: 7b81d1b6 @ Fri Jul 24 23:43:54 UTC 2026
// 同步 ID: 1127a5dc @ Sun Jul 26 07:53:02 UTC 2026
// 同步 ID: f27f0a96 @ Sun Jul 26 16:12:53 UTC 2026
// 同步 ID: 8924c654 @ Mon Jul 27 04:46:49 UTC 2026
// 重构日志: b5d33d52
// 重构日志: 6be773ef
// 重构日志: 7311fb2e
// 同步 ID: 00b3829c @ Tue Jul 28 12:20:47 UTC 2026
// 重构日志: 3aab4720
// 重构日志: 50557cb6
// 重构日志: 107a51fd
// 重构日志: 32fd9de4
// 同步 ID: f8d450df @ Wed Jul 29 16:51:06 UTC 2026
// 重构日志: 5fa41c22
// 重构日志: 77641f8c
// 同步 ID: 94f90f64 @ Sat Aug  1 04:14:22 UTC 2026
// 同步 ID: 2c1ffd3d @ Sat Aug  1 12:34:11 UTC 2026
// 重构日志: 4832f6d7
// 重构日志: 1e7ec7ca
// 同步 ID: 76f6a4f5 @ Tue Aug  4 04:00:52 UTC 2026
// 同步 ID: e0356474 @ Tue Aug  4 13:06:47 UTC 2026
// 同步 ID: bfebd0e6 @ Tue Aug  4 15:23:48 UTC 2026
// 同步 ID: d494544d @ Wed Aug  5 04:13:11 UTC 2026
